[demo.themesoul.com/nyabiss/index.html]
[backblue.gif]
[fade.gif]
[index.html]
[demo.themesoul.com/nyabiss/templates/nyabiss/images/favicon.ico]
[demo.themesoul.com/nyabiss/index.php/pages/smart-search-resultf758]
[demo.themesoul.com/nyabiss/media/vendor/awesomplete/css/awesomplete75d0.css]
[demo.themesoul.com/nyabiss/media/vendor/joomla-custom-elements/css/joomla-alert.min44b7.css]
[demo.themesoul.com/nyabiss/components/com_sppagebuilder/assets/css/font-awesome-5.min9c09.css]
[demo.themesoul.com/nyabiss/components/com_sppagebuilder/assets/css/font-awesome-v4-shims9c09.css]
[demo.themesoul.com/nyabiss/components/com_sppagebuilder/assets/css/animate.min9c09.css]
[demo.themesoul.com/nyabiss/components/com_sppagebuilder/assets/css/sppagebuilder9c09.css]
[demo.themesoul.com/nyabiss/components/com_sppagebuilder/assets/css/magnific-popup.css]
[demo.themesoul.com/nyabiss/modules/mod_minifrontpage/tmpl/default/grid.min994f.css]
[demo.themesoul.com/nyabiss/modules/mod_minifrontpage/tmpl/default/skin/default.min994f.css]
[demo.themesoul.com/nyabiss/templates/nyabiss/css/bootstrap.min.css]
[demo.themesoul.com/nyabiss/plugins/system/helixultimate/assets/css/system-j4.min.css]
[demo.themesoul.com/nyabiss/media/system/css/joomla-fontawesome.min708b.css]
[demo.themesoul.com/nyabiss/templates/nyabiss/css/template.css]
[demo.themesoul.com/nyabiss/templates/nyabiss/css/extensions.css]
[demo.themesoul.com/nyabiss/templates/nyabiss/css/presets/preset1.css]
[demo.themesoul.com/nyabiss/images/background/bg-home-1.jpg]
[demo.themesoul.com/nyabiss/images/background/bg-home-4.jpg]
[demo.themesoul.com/nyabiss/images/background/bg-tile.png]
[demo.themesoul.com/nyabiss/media/system/js/core.min87f9.js]
[demo.themesoul.com/nyabiss/media/vendor/jquery/js/jquery.min8a0c.js]
[demo.themesoul.com/nyabiss/media/legacy/js/jquery-noconflict.min1fec.js]
[demo.themesoul.com/nyabiss/media/vendor/bootstrap/js/alert.mine55b.js]
[demo.themesoul.com/nyabiss/media/vendor/bootstrap/js/button.mine55b.js]
[demo.themesoul.com/nyabiss/media/vendor/bootstrap/js/carousel.mine55b.js]
[demo.themesoul.com/nyabiss/media/vendor/bootstrap/js/collapse.mine55b.js]
[demo.themesoul.com/nyabiss/media/vendor/bootstrap/js/dropdown.mine55b.js]
[demo.themesoul.com/nyabiss/media/vendor/bootstrap/js/modal.mine55b.js]
[demo.themesoul.com/nyabiss/media/vendor/bootstrap/js/offcanvas.mine55b.js]
[demo.themesoul.com/nyabiss/media/vendor/bootstrap/js/popover.mine55b.js]
[demo.themesoul.com/nyabiss/media/vendor/bootstrap/js/scrollspy.mine55b.js]
[demo.themesoul.com/nyabiss/media/vendor/bootstrap/js/tab.mine55b.js]
[demo.themesoul.com/nyabiss/media/vendor/bootstrap/js/toast.mine55b.js]
[demo.themesoul.com/nyabiss/media/system/js/showon.mina613.js]
[demo.themesoul.com/nyabiss/media/vendor/awesomplete/js/awesomplete.min75d0.js]
[demo.themesoul.com/nyabiss/media/com_finder/js/finder.minc9c4.js]
[demo.themesoul.com/nyabiss/media/system/js/messages.min7adc.js]
[demo.themesoul.com/nyabiss/components/com_sppagebuilder/assets/js/common.js]
[demo.themesoul.com/nyabiss/components/com_sppagebuilder/assets/js/jquery.parallax9c09.js]
[demo.themesoul.com/nyabiss/components/com_sppagebuilder/assets/js/sppagebuilder9c09.js]
[demo.themesoul.com/nyabiss/components/com_sppagebuilder/assets/js/jquery.magnific-popup.min.js]
[demo.themesoul.com/nyabiss/templates/nyabiss/js/main.js]
[demo.themesoul.com/nyabiss/media/smartslider3/src/SmartSlider3/Application/Frontend/Assets/dist/smartslider.minc111.css]
[demo.themesoul.com/nyabiss/media/smartslider3/src/SmartSlider3/Application/Frontend/Assets/dist/n2.minc111.js]
[demo.themesoul.com/nyabiss/media/smartslider3/src/SmartSlider3/Application/Frontend/Assets/dist/smartslider-frontend.minc111.js]
[demo.themesoul.com/nyabiss/media/smartslider3/src/SmartSlider3/Slider/SliderType/Simple/Assets/dist/ss-simple.minc111.js]
[demo.themesoul.com/nyabiss/media/smartslider3/src/SmartSlider3/Slider/SliderType/Simple/Assets/dist/smartslider-backgroundanimation.minc111.js]
[demo.themesoul.com/nyabiss/media/smartslider3/src/SmartSlider3/Widget/Bullet/Assets/dist/w-bullet.minc111.js]
[demo.themesoul.com/nyabiss/images/logo-sticky.png]
[demo.themesoul.com/nyabiss/templates/nyabiss/images/logo.png]
[demo.themesoul.com/nyabiss/index-2.html]
[demo.themesoul.com/nyabiss/index.php/home/homepage-2.html]
[demo.themesoul.com/nyabiss/index.php/home/homepage-3.html]
[demo.themesoul.com/nyabiss/index.php/pages.html]
[demo.themesoul.com/nyabiss/index.php/pages/about-us.html]
[demo.themesoul.com/nyabiss/index.php/pages/our-team.html]
[demo.themesoul.com/nyabiss/index.php/pages/smart-search-result.html]
[demo.themesoul.com/nyabiss/index.php/pages/gallery.html]
[demo.themesoul.com/nyabiss/index.php/blog.html]
[demo.themesoul.com/nyabiss/index.php/blog/detail-article.html]
[demo.themesoul.com/nyabiss/index.php/blog/blog-2-column.html]
[demo.themesoul.com/nyabiss/index.php/blog/left-sidebar.html]
[demo.themesoul.com/nyabiss/index.php/blog/blog-overlay.html]
[demo.themesoul.com/nyabiss/index.php/our-menu.html]
[demo.themesoul.com/nyabiss/index.php/our-menu/our-menu-2.html]
[demo.themesoul.com/nyabiss/index.php/our-menu/our-menu-3.html]
[demo.themesoul.com/nyabiss/index.php/contact-us.html]
[demo.themesoul.com/nyabiss/images/slider/slider2.jpg]
[demo.themesoul.com/nyabiss/images/slider/slider1.jpg]
[demo.themesoul.com/nyabiss/images/pages/home-3.jpg]
[demo.themesoul.com/nyabiss/components/com_sppagebuilder/assets/images/lazyloading-placeholder.svg]
[demo.themesoul.com/nyabiss/images/pages/home-1.jpg]
[demo.themesoul.com/nyabiss/media/com_sppagebuilder/placeholder/home-1.jpg]
[demo.themesoul.com/nyabiss/index.php/pages/21-coffee-brewing-methods-their-differences.html]
[demo.themesoul.com/nyabiss/images/thumbnails/mod_minifrontpage/21_113.jpg]
[demo.themesoul.com/nyabiss/index.php/pages/20-how-much-caffeine-is-in-a-coffee-bean.html]
[demo.themesoul.com/nyabiss/images/thumbnails/mod_minifrontpage/20_113.jpg]
[demo.themesoul.com/nyabiss/index.php/pages/22-how-to-find-high-quality-coffee-beans.html]
[demo.themesoul.com/nyabiss/images/thumbnails/mod_minifrontpage/22_113.jpg]
[demo.themesoul.com/nyabiss/index.html]
[demo.themesoul.com/nyabiss/media/vendor/awesomplete/css/awesomplete75d0.css]
[demo.themesoul.com/nyabiss/media/vendor/joomla-custom-elements/css/joomla-alert.min44b7.css]
[demo.themesoul.com/nyabiss/components/com_sppagebuilder/assets/webfonts/fa-brands-400.woff]
[demo.themesoul.com/nyabiss/components/com_sppagebuilder/assets/webfonts/fa-brands-400.ttf]
[demo.themesoul.com/nyabiss/components/com_sppagebuilder/assets/webfonts/fa-regular-400.woff]
[demo.themesoul.com/nyabiss/components/com_sppagebuilder/assets/webfonts/fa-regular-400.ttf]
[demo.themesoul.com/nyabiss/components/com_sppagebuilder/assets/webfonts/fa-solid-900.woff]
[demo.themesoul.com/nyabiss/components/com_sppagebuilder/assets/css/font-awesome-5.min9c09.css]
[demo.themesoul.com/nyabiss/components/com_sppagebuilder/assets/css/font-awesome-v4-shims9c09.css]
[demo.themesoul.com/nyabiss/components/com_sppagebuilder/assets/css/animate.min9c09.css]
[demo.themesoul.com/nyabiss/components/com_sppagebuilder/assets/css/sppagebuilder9c09.css]
[demo.themesoul.com/nyabiss/components/com_sppagebuilder/assets/css/magnific-popup.css]
[demo.themesoul.com/nyabiss/modules/mod_minifrontpage/tmpl/default/grid.min994f.css]
[demo.themesoul.com/nyabiss/modules/mod_minifrontpage/tmpl/default/skin/default.min994f.css]
[demo.themesoul.com/nyabiss/templates/nyabiss/css/bootstrap.min.css]
[demo.themesoul.com/nyabiss/plugins/system/helixultimate/assets/css/system-j4.min.css]
[demo.themesoul.com/nyabiss/components/com_sppagebuilder/assets/webfonts/fa-solid-900.ttf]
[demo.themesoul.com/nyabiss/media/vendor/fontawesome-free/webfonts/fa-regular-400d354.woff2]
[demo.themesoul.com/nyabiss/media/vendor/fontawesome-free/webfonts/fa-regular-40081ab.ttf]
[demo.themesoul.com/nyabiss/media/vendor/fontawesome-free/webfonts/fa-solid-900efad.woff2]
[demo.themesoul.com/nyabiss/media/vendor/fontawesome-free/webfonts/fa-solid-9003efe.ttf]
[demo.themesoul.com/nyabiss/media/vendor/fontawesome-free/webfonts/fa-brands-4005ed7.woff2]
[demo.themesoul.com/nyabiss/media/system/css/joomla-fontawesome.min708b.css]
[demo.themesoul.com/nyabiss/media/vendor/fontawesome-free/webfonts/fa-brands-40089ad.ttf]
[demo.themesoul.com/nyabiss/templates/nyabiss/images/menu-bg.jpg]
[demo.themesoul.com/nyabiss/templates/nyabiss/images/bg-title.jpg]
[demo.themesoul.com/nyabiss/templates/nyabiss/images/bg-footer.jpg]
[demo.themesoul.com/nyabiss/templates/nyabiss/images/grid.png]
[demo.themesoul.com/nyabiss/templates/nyabiss/css/template.css]
[demo.themesoul.com/nyabiss/templates/nyabiss/css/extensions.css]
[demo.themesoul.com/nyabiss/templates/nyabiss/css/presets/preset1.css]
[demo.themesoul.com/nyabiss/media/smartslider3/src/SmartSlider3/Application/Frontend/Assets/dist/smartslider.minc111.css]
[demo.themesoul.com/nyabiss/index.php/pages/24-top-view-of-our-barista-holding-cup-of-coffee.html]
[demo.themesoul.com/nyabiss/images/thumbnails/mod_minifrontpage/24_113.jpg]
[demo.themesoul.com/nyabiss/index-2.html]
[demo.themesoul.com/nyabiss/images/thumbnails/mod_minifrontpage/16_113.jpg]
[demo.themesoul.com/nyabiss/index.php/home/homepage-2.html]
[demo.themesoul.com/nyabiss/index.php/home/homepage-3.html]
[demo.themesoul.com/nyabiss/index.php/pagesc0d0]
[demo.themesoul.com/nyabiss/index.php/pages7b17.html]
[demo.themesoul.com/nyabiss/images/sampledata/sample-3.jpg]
[demo.themesoul.com/nyabiss/images/sampledata/sample-6.jpg]
[demo.themesoul.com/nyabiss/images/sampledata/sample-1.jpg]
[demo.themesoul.com/nyabiss/images/sampledata/sample-4.jpg]
[demo.themesoul.com/nyabiss/images/sampledata/sample-5.jpg]
[demo.themesoul.com/nyabiss/images/thumbnails/mod_minifrontpage/16_141.jpg]
[demo.themesoul.com/nyabiss/images/thumbnails/mod_minifrontpage/22_141.jpg]
[demo.themesoul.com/nyabiss/images/thumbnails/mod_minifrontpage/24_141.jpg]
[demo.themesoul.com/nyabiss/images/thumbnails/mod_minifrontpage/20_141.jpg]
[demo.themesoul.com/nyabiss/images/thumbnails/mod_minifrontpage/21_141.jpg]
[demo.themesoul.com/nyabiss/index.php/pages.html]
[demo.themesoul.com/nyabiss/index.php/pages/about-us.html]
[demo.themesoul.com/nyabiss/index.php/pages/our-team.html]
[demo.themesoul.com/nyabiss/index.php/pages/smart-search-resultc0d0]
[demo.themesoul.com/nyabiss/index.php/pages/smart-search-result7b17.html]
[demo.themesoul.com/nyabiss/index.php/pages/smart-search-result.html]
[demo.themesoul.com/nyabiss/media/com_finder/css/finder.min3cab.css]
[demo.themesoul.com/nyabiss/components/com_spsimpleportfolio/assets/css/featherlight.min.css]
[demo.themesoul.com/nyabiss/components/com_spsimpleportfolio/assets/css/spsimpleportfolio.css]
[demo.themesoul.com/nyabiss/components/com_spsimpleportfolio/assets/js/jquery.shuffle.modernizr.min.js]
[demo.themesoul.com/nyabiss/components/com_spsimpleportfolio/assets/js/featherlight.min.js]
[demo.themesoul.com/nyabiss/components/com_spsimpleportfolio/assets/js/spsimpleportfolio.js]
[demo.themesoul.com/nyabiss/images/spsimpleportfolio/underground-and-surface-mining-equipment/portfolio-1_600x400eb0b.jpg]
[demo.themesoul.com/nyabiss/images/portfolio/portfolio-1.jpg]
[demo.themesoul.com/nyabiss/index.php/pages/gallery/1-underground-and-surface-mining-equipment.html]
[demo.themesoul.com/nyabiss/images/spsimpleportfolio/gas-turbine-equipment-pipeline-power-plant/portfolio-2_600x800eb0b.jpg]
[demo.themesoul.com/nyabiss/images/portfolio/portfolio-2.jpg]
[demo.themesoul.com/nyabiss/index.php/pages/gallery/2-gas-turbine-equipment-pipeline-power-plant.html]
[demo.themesoul.com/nyabiss/images/spsimpleportfolio/engineer-maintenance-equipment-at-power-plant/portfolio-3_600x600eb0b.jpg]
[demo.themesoul.com/nyabiss/images/portfolio/portfolio-3.jpg]
[demo.themesoul.com/nyabiss/index.php/pages/gallery/3-engineer-maintenance-equipment-at-power-plant.html]
[demo.themesoul.com/nyabiss/images/spsimpleportfolio/excavator-digging-for-overhaul-road-construction/portfolio-4_600x800c3e4.jpg]
[demo.themesoul.com/nyabiss/images/portfolio/portfolio-4.jpg]
[demo.themesoul.com/nyabiss/index.php/pages/gallery.html]
[demo.themesoul.com/nyabiss/index.php/pages/gallery/4-excavator-digging-for-overhaul-road-construction.html]
[demo.themesoul.com/nyabiss/index.php/blogc0d0]
[demo.themesoul.com/nyabiss/index.php/blog7b17.html]
[demo.themesoul.com/nyabiss/index.php/blogf0e5.html]
[demo.themesoul.com/nyabiss/index.php/component/tags/tag/coffee-shop.html]
[demo.themesoul.com/nyabiss/index.php/component/tags/tag/brewing.html]
[demo.themesoul.com/nyabiss/index.php/component/tags/tag/barista.html]
[demo.themesoul.com/nyabiss/index.php/component/tags/tag/espresso.html]
[demo.themesoul.com/nyabiss/index.php/component/tags/tag/coffee-beans.html]
[demo.themesoul.com/nyabiss/index.php/component/tags/tag/roasting.html]
[demo.themesoul.com/nyabiss/index.php/component/tags/tag/equipment.html]
[demo.themesoul.com/nyabiss/index.php/component/tags/tag/beans.html]
[demo.themesoul.com/nyabiss/index.php/blog.html]
[demo.themesoul.com/nyabiss/index.php/blog/detail-article.html]
[demo.themesoul.com/nyabiss/index.php/component/tags/tag/arabica.html]
[demo.themesoul.com/nyabiss/index.php/blog/blog-2-columnc0d0]
[demo.themesoul.com/nyabiss/index.php/blog/blog-2-column.html]
[demo.themesoul.com/nyabiss/index.php/blog/blog-2-column7b17.html]
[demo.themesoul.com/nyabiss/index.php/blog/left-sidebarc0d0]
[demo.themesoul.com/nyabiss/index.php/blog/left-sidebar7b17.html]
[demo.themesoul.com/nyabiss/images/thumbnails/mod_minifrontpage/16_148.jpg]
[demo.themesoul.com/nyabiss/images/thumbnails/mod_minifrontpage/22_148.jpg]
[demo.themesoul.com/nyabiss/images/thumbnails/mod_minifrontpage/24_148.jpg]
[demo.themesoul.com/nyabiss/images/thumbnails/mod_minifrontpage/20_148.jpg]
[demo.themesoul.com/nyabiss/images/thumbnails/mod_minifrontpage/21_148.jpg]
[demo.themesoul.com/nyabiss/index.php/blog/left-sidebar.html]
[demo.themesoul.com/nyabiss/index.php/blog/blog-overlayc0d0]
[demo.themesoul.com/nyabiss/index.php/blog/blog-overlay.html]
[demo.themesoul.com/nyabiss/index.php/blog/blog-overlay7b17.html]
[demo.themesoul.com/nyabiss/images/background/bg-title-1.jpg]
[demo.themesoul.com/nyabiss/wa.me/6282244463482]
[demo.themesoul.com/nyabiss/index.php/our-menu.html]
[demo.themesoul.com/nyabiss/index.php/our-menu/our-menu-2.html]
[demo.themesoul.com/nyabiss/index.php/our-menu/our-menu-3.html]
[demo.themesoul.com/nyabiss/media/system/js/keepalive.mind5a8.js]
[demo.themesoul.com/nyabiss/media/system/js/fields/validate.min6691.js]
[demo.themesoul.com/nyabiss/components/com_sppagebuilder/assets/js/gmap.js]
[demo.themesoul.com/nyabiss/index.php/contact-us.html]
[demo.themesoul.com/nyabiss/components/com_sppagebuilder/assets/images/lazyloading-placeholder.svg]
[demo.themesoul.com/nyabiss/index.php/pages/21-coffee-brewing-methods-their-differences.html]
[demo.themesoul.com/nyabiss/index.php/pages/20-how-much-caffeine-is-in-a-coffee-bean.html]
[demo.themesoul.com/nyabiss/index.php/pages/22-how-to-find-high-quality-coffee-beans.html]
[demo.themesoul.com/nyabiss/templates/nyabiss/images/menu-bg.html]
[demo.themesoul.com/nyabiss/index.php/pages/24-top-view-of-our-barista-holding-cup-of-coffee.html]
[demo.themesoul.com/nyabiss/index.php/pages7b17.html]
[demo.themesoul.com/nyabiss/index.php/pages/smart-search-result7b17.html]
[demo.themesoul.com/nyabiss/media/com_finder/css/finder.min3cab.css]
[demo.themesoul.com/nyabiss/components/com_spsimpleportfolio/assets/css/featherlight.min.css]
[demo.themesoul.com/cdn-cgi/scripts/5c5dd728/cloudflare-static/email-decode.min.js]
[demo.themesoul.com/nyabiss/components/com_spsimpleportfolio/assets/img/icon-play.png]
[demo.themesoul.com/nyabiss/components/com_spsimpleportfolio/assets/css/spsimpleportfolio.css]
[demo.themesoul.com/nyabiss/images/portfolio/portfolio-1.html]
[demo.themesoul.com/nyabiss/index.php/pages/gallery/1-underground-and-surface-mining-equipment.html]
[demo.themesoul.com/nyabiss/images/portfolio/portfolio-2.html]
[demo.themesoul.com/nyabiss/index.php/pages/gallery/2-gas-turbine-equipment-pipeline-power-plant.html]
[demo.themesoul.com/nyabiss/images/portfolio/portfolio-3.html]
[demo.themesoul.com/nyabiss/index.php/pages/gallery/3-engineer-maintenance-equipment-at-power-plant.html]
[demo.themesoul.com/nyabiss/images/portfolio/portfolio-4.html]
[demo.themesoul.com/nyabiss/index.php/pages/gallery/4-excavator-digging-for-overhaul-road-construction.html]
[demo.themesoul.com/nyabiss/index.php/blog7b17.html]
[demo.themesoul.com/nyabiss/index.php/blogf0e5.html]
[demo.themesoul.com/nyabiss/index.php/component/tags/tag/coffee-shopc0d0]
[demo.themesoul.com/nyabiss/index.php/component/tags/tag/coffee-shop7b17.html]
[demo.themesoul.com/nyabiss/index.php/component/tags/tag/coffee-shop.html]
[demo.themesoul.com/nyabiss/index.php/component/content/article/14-digital-transformation-of-manufacturing-and-value-creation-processes71d6.html]
[demo.themesoul.com/nyabiss/index.php/component/tags/tag/brewingc0d0]
[demo.themesoul.com/nyabiss/index.php/component/tags/tag/brewing7b17.html]
[demo.themesoul.com/nyabiss/index.php/component/tags/tag/brewing.html]
[demo.themesoul.com/nyabiss/index.php/component/content/article/1-getting-started9297.html]
[demo.themesoul.com/nyabiss/index.php/component/tags/tag/baristac0d0]
[demo.themesoul.com/nyabiss/index.php/component/tags/tag/barista.html]
[demo.themesoul.com/nyabiss/index.php/component/tags/tag/barista7b17.html]
[demo.themesoul.com/nyabiss/index.php/component/tags/tag/espressoc0d0]
[demo.themesoul.com/nyabiss/index.php/component/tags/tag/espresso.html]
[demo.themesoul.com/nyabiss/index.php/component/tags/tag/espresso7b17.html]
[demo.themesoul.com/nyabiss/index.php/component/tags/tag/coffee-beansc0d0]
[demo.themesoul.com/nyabiss/index.php/component/tags/tag/coffee-beans.html]
[demo.themesoul.com/nyabiss/index.php/component/tags/tag/coffee-beans7b17.html]
[demo.themesoul.com/nyabiss/index.php/component/tags/tag/roastingc0d0]
[demo.themesoul.com/nyabiss/index.php/component/tags/tag/roasting.html]
[demo.themesoul.com/nyabiss/index.php/component/tags/tag/roasting7b17.html]
[demo.themesoul.com/nyabiss/index.php/component/tags/tag/equipmentc0d0]
[demo.themesoul.com/nyabiss/index.php/component/tags/tag/equipment.html]
[demo.themesoul.com/nyabiss/index.php/component/tags/tag/equipment7b17.html]
[demo.themesoul.com/nyabiss/index.php/component/tags/tag/beansc0d0]
[demo.themesoul.com/nyabiss/index.php/component/tags/tag/beans.html]
[demo.themesoul.com/nyabiss/index.php/component/tags/tag/beans7b17.html]
[demo.themesoul.com/nyabiss/index.php/component/tags/tag/arabicac0d0]
[demo.themesoul.com/nyabiss/index.php/component/tags/tag/arabica.html]
[demo.themesoul.com/nyabiss/index.php/blog/blog-2-column7b17.html]
[demo.themesoul.com/nyabiss/index.php/blog/left-sidebar7b17.html]
[demo.themesoul.com/nyabiss/index.php/blog/blog-overlay7b17.html]
[demo.themesoul.com/nyabiss/wa.me/6282244463482.html]
[demo.themesoul.com/nyabiss/index.php/component/tags/tag/coffee-shop7b17.html]
[demo.themesoul.com/nyabiss/index.php/component/content/article/14-digital-transformation-of-manufacturing-and-value-creation-processes71d6.html]
[demo.themesoul.com/nyabiss/index.php/component/tags/tag/brewing7b17.html]
[demo.themesoul.com/nyabiss/index.php/component/content/article/1-getting-started9297.html]
[demo.themesoul.com/nyabiss/index.php/component/tags/tag/barista7b17.html]
[demo.themesoul.com/nyabiss/index.php/component/tags/tag/espresso7b17.html]
[demo.themesoul.com/nyabiss/index.php/component/tags/tag/coffee-beans7b17.html]
[demo.themesoul.com/nyabiss/index.php/component/tags/tag/roasting7b17.html]
[demo.themesoul.com/nyabiss/index.php/component/tags/tag/equipment7b17.html]
[demo.themesoul.com/nyabiss/index.php/component/tags/tag/beans7b17.html]
[demo.themesoul.com/nyabiss/index.php/component/tags/tag/arabica7b17.html]
[demo.themesoul.com/nyabiss/index.php/component/tags/tag/arabica7b17.html]
